// Jest Snapshot v1, https://goo.gl/fbAQLP

exports[`snapshot 1`] = `
<div
  class="p-3 card-deck"
  data-testid="weathers-container"
>
  <p
    data-testid="empty-result"
  >
    Weather data for this location not available. Please search another one!
  </p>
</div>
`;
