// Jest Snapshot v1, https://goo.gl/fbAQLP

exports[`snapshot 1`] = `
<div
  class="loader"
>
  Loading data ...
</div>
`;
